// Jest Snapshot v1, https://goo.gl/fbAQLP

exports[`MainScreen component Test render main screen component snapshot  1`] = `
<View
  style={
    Object {
      "backgroundColor": "#FFFF",
      "flex": 1,
    }
  }
>
  <View
    style={
      Object {
        "alignItems": "center",
        "borderColor": "#A1DEC0",
        "borderRadius": 2,
        "borderStyle": "dashed",
        "borderWidth": 2,
        "height": "18%",
        "justifyContent": "center",
        "margin": 10,
      }
    }
  >
    <Text
      style={
        Array [
          Object {
            "color": "#000",
            "fontFamily": "System",
            "fontSize": 16,
          },
          Object {
            "fontFamily": "Comfortaa_600SemiBold",
            "fontSize": 18,
            "padding": 5,
          },
        ]
      }
      uppercase={false}
    >
      Hi, We are GrowIt ! 💪🏼
    </Text>
    <Text
      style={
        Array [
          Object {
            "color": "#000",
            "fontFamily": "System",
            "fontSize": 16,
          },
          Object {
            "fontFamily": "Comfortaa_600SemiBold",
            "fontSize": 18,
            "padding": 5,
          },
        ]
      }
      uppercase={false}
    >
      We will provide you the right
    </Text>
    <Text
      style={
        Array [
          Object {
            "color": "#000",
            "fontFamily": "System",
            "fontSize": 16,
          },
          Object {
            "fontFamily": "Comfortaa_600SemiBold",
            "fontSize": 18,
            "padding": 5,
          },
        ]
      }
      uppercase={false}
    >
      plants to grow
    </Text>
  </View>
  <View
    style={
      Object {
        "alignItems": "center",
        "flex": 1,
        "justifyContent": "space-around",
      }
    }
  >
    <Image
      resizeMode="cover"
      source={1}
    />
  </View>
</View>
`;
