// Jest Snapshot v1, https://goo.gl/fbAQLP

exports[`Loading component Test render loading component snapshot  1`] = `
<View
  pointerEvents="box-none"
  style={
    Object {
      "flex": 1,
    }
  }
>
  <View
    collapsable={true}
    pointerEvents="box-none"
    style={
      Object {
        "flex": 1,
      }
    }
  >
    <View
      style={
        Object {
          "alignItems": "center",
          "flex": 1,
          "justifyContent": "space-around",
        }
      }
    >
      <Image
        resizeMode="cover"
        source={1}
      />
    </View>
  </View>
</View>
`;
