// Jest Snapshot v1, https://goo.gl/fbAQLP

exports[`PlantItem component Test add plant to PlantsList  1`] = `
<View
  pointerEvents="box-none"
  style={
    Object {
      "flex": 1,
    }
  }
>
  <View
    collapsable={true}
    pointerEvents="box-none"
    style={
      Object {
        "flex": 1,
      }
    }
  >
    <TouchableOpacity
      activeOpacity={0.2}
    >
      <View
        style={
          Array [
            Object {
              "backgroundColor": "#fff",
              "borderBottomWidth": 0.5,
              "borderColor": "#ccc",
              "borderLeftWidth": 0.5,
              "borderRadius": 2,
              "borderRightWidth": 0.5,
              "borderTopWidth": 0.5,
              "elevation": 3,
              "flexWrap": "nowrap",
              "marginBottom": 5,
              "marginLeft": 2,
              "marginRight": 2,
              "marginTop": 5,
              "shadowColor": "#000",
              "shadowOffset": Object {
                "height": 2,
                "width": 0,
              },
              "shadowOpacity": 0.1,
              "shadowRadius": 1.5,
            },
            Object {
              "elevation": 3,
              "marginTop": "15%",
            },
          ]
        }
      >
        <View
          style={
            Object {
              "alignItems": "center",
              "backgroundColor": "#fff",
              "borderRadius": 2,
              "flexDirection": "row",
              "paddingBottom": 10,
              "paddingLeft": 15,
              "paddingRight": 15,
              "paddingTop": 10,
            }
          }
        >
          <View
            style={
              Object {
                "alignItems": "center",
                "alignSelf": "center",
                "flex": 1,
                "flexDirection": "row",
              }
            }
          >
            <Image
              source={
                Object {
                  "uri": "https://img.wcdn.co.il/f_auto,w_1200,t_54/1/4/9/8/1498895-46.jpg",
                }
              }
              style={
                Object {
                  "borderRadius": 28,
                  "height": 56,
                  "width": 56,
                }
              }
            />
            <View
              style={
                Object {
                  "alignItems": null,
                  "alignSelf": "center",
                  "flex": 1,
                  "marginLeft": 10,
                }
              }
            >
              <Text
                style={
                  Array [
                    Object {
                      "color": "#000",
                      "fontFamily": "System",
                      "fontSize": 16,
                    },
                    Object {
                      "fontFamily": "Comfortaa_600SemiBold",
                    },
                  ]
                }
                uppercase={false}
              >
                Cucumber 
              </Text>
            </View>
          </View>
        </View>
        <View
          cardBody={true}
          style={
            Object {
              "alignItems": "center",
              "backgroundColor": "#fff",
              "borderRadius": 2,
              "flexDirection": "row",
              "paddingBottom": -5,
              "paddingLeft": -5,
              "paddingRight": -5,
              "paddingTop": -5,
            }
          }
        >
          <Image
            source={
              Object {
                "uri": "https://img.wcdn.co.il/f_auto,w_1200,t_54/1/4/9/8/1498895-46.jpg",
              }
            }
            style={
              Object {
                "flex": 1,
                "height": 350,
              }
            }
          />
        </View>
        <View
          style={
            Object {
              "alignItems": "center",
              "backgroundColor": "#fff",
              "borderRadius": 2,
              "flexDirection": "row",
              "paddingBottom": 10,
              "paddingLeft": 15,
              "paddingRight": 15,
              "paddingTop": 10,
            }
          }
        >
          <Text />
          <View
            style={
              Object {
                "alignItems": "flex-start",
                "alignSelf": "stretch",
                "flex": 1,
              }
            }
          >
            <Text
              style={
                Array [
                  Object {
                    "color": "#000",
                    "fontFamily": "System",
                    "fontSize": 16,
                  },
                  Object {
                    "fontFamily": "Comfortaa_600SemiBold",
                  },
                ]
              }
              uppercase={false}
            >
              Family
            </Text>
            <Text
              note={true}
              style={
                Array [
                  Object {
                    "color": "#808080",
                    "fontFamily": "System",
                    "fontSize": 14,
                    "fontWeight": "200",
                    "marginRight": 20,
                  },
                  Object {
                    "fontFamily": "Comfortaa_600SemiBold",
                  },
                ]
              }
              uppercase={false}
            >
              Cucurbitaceae
            </Text>
          </View>
          <View
            style={
              Object {
                "alignItems": "flex-start",
                "alignSelf": "stretch",
                "flex": 1,
              }
            }
          >
            <Text
              style={
                Array [
                  Object {
                    "color": "#000",
                    "fontFamily": "System",
                    "fontSize": 16,
                  },
                  Object {
                    "fontFamily": "Comfortaa_600SemiBold",
                  },
                ]
              }
              uppercase={false}
            >
              Water
            </Text>
            <Text
              note={true}
              style={
                Array [
                  Object {
                    "color": "#808080",
                    "fontFamily": "System",
                    "fontSize": 14,
                    "fontWeight": "200",
                    "marginRight": 20,
                  },
                  Object {
                    "fontFamily": "Comfortaa_600SemiBold",
                  },
                ]
              }
              uppercase={false}
            >
              each 
              3
               days
            </Text>
          </View>
          <View
            style={
              Object {
                "alignItems": "flex-start",
                "alignSelf": "stretch",
                "flex": 1,
              }
            }
          >
            <Text
              style={
                Array [
                  Object {
                    "color": "#000",
                    "fontFamily": "System",
                    "fontSize": 16,
                  },
                  Object {
                    "fontFamily": "Comfortaa_600SemiBold",
                  },
                ]
              }
              uppercase={false}
            >
              Temp
            </Text>
            <Text
              note={true}
              style={
                Array [
                  Object {
                    "color": "#808080",
                    "fontFamily": "System",
                    "fontSize": 14,
                    "fontWeight": "200",
                    "marginRight": 20,
                  },
                  Object {
                    "fontFamily": "Comfortaa_600SemiBold",
                  },
                ]
              }
              uppercase={false}
            >
              25
               
            </Text>
          </View>
        </View>
      </View>
    </TouchableOpacity>
  </View>
</View>
`;

exports[`PlantItem component Test render plant item component snapshot  1`] = `
<View
  pointerEvents="box-none"
  style={
    Object {
      "flex": 1,
    }
  }
>
  <View
    collapsable={true}
    pointerEvents="box-none"
    style={
      Object {
        "flex": 1,
      }
    }
  >
    <TouchableOpacity
      activeOpacity={0.2}
    >
      <View
        style={
          Array [
            Object {
              "backgroundColor": "#fff",
              "borderBottomWidth": 0.5,
              "borderColor": "#ccc",
              "borderLeftWidth": 0.5,
              "borderRadius": 2,
              "borderRightWidth": 0.5,
              "borderTopWidth": 0.5,
              "elevation": 3,
              "flexWrap": "nowrap",
              "marginBottom": 5,
              "marginLeft": 2,
              "marginRight": 2,
              "marginTop": 5,
              "shadowColor": "#000",
              "shadowOffset": Object {
                "height": 2,
                "width": 0,
              },
              "shadowOpacity": 0.1,
              "shadowRadius": 1.5,
            },
            Object {
              "elevation": 3,
              "marginTop": "15%",
            },
          ]
        }
      >
        <View
          style={
            Object {
              "alignItems": "center",
              "backgroundColor": "#fff",
              "borderRadius": 2,
              "flexDirection": "row",
              "paddingBottom": 10,
              "paddingLeft": 15,
              "paddingRight": 15,
              "paddingTop": 10,
            }
          }
        >
          <View
            style={
              Object {
                "alignItems": "center",
                "alignSelf": "center",
                "flex": 1,
                "flexDirection": "row",
              }
            }
          >
            <Image
              source={
                Object {
                  "uri": "https://img.wcdn.co.il/f_auto,w_1200,t_54/1/4/9/8/1498895-46.jpg",
                }
              }
              style={
                Object {
                  "borderRadius": 28,
                  "height": 56,
                  "width": 56,
                }
              }
            />
            <View
              style={
                Object {
                  "alignItems": null,
                  "alignSelf": "center",
                  "flex": 1,
                  "marginLeft": 10,
                }
              }
            >
              <Text
                style={
                  Array [
                    Object {
                      "color": "#000",
                      "fontFamily": "System",
                      "fontSize": 16,
                    },
                    Object {
                      "fontFamily": "Comfortaa_600SemiBold",
                    },
                  ]
                }
                uppercase={false}
              >
                Cucumber 
              </Text>
            </View>
          </View>
        </View>
        <View
          cardBody={true}
          style={
            Object {
              "alignItems": "center",
              "backgroundColor": "#fff",
              "borderRadius": 2,
              "flexDirection": "row",
              "paddingBottom": -5,
              "paddingLeft": -5,
              "paddingRight": -5,
              "paddingTop": -5,
            }
          }
        >
          <Image
            source={
              Object {
                "uri": "https://img.wcdn.co.il/f_auto,w_1200,t_54/1/4/9/8/1498895-46.jpg",
              }
            }
            style={
              Object {
                "flex": 1,
                "height": 350,
              }
            }
          />
        </View>
        <View
          style={
            Object {
              "alignItems": "center",
              "backgroundColor": "#fff",
              "borderRadius": 2,
              "flexDirection": "row",
              "paddingBottom": 10,
              "paddingLeft": 15,
              "paddingRight": 15,
              "paddingTop": 10,
            }
          }
        >
          <Text />
          <View
            style={
              Object {
                "alignItems": "flex-start",
                "alignSelf": "stretch",
                "flex": 1,
              }
            }
          >
            <Text
              style={
                Array [
                  Object {
                    "color": "#000",
                    "fontFamily": "System",
                    "fontSize": 16,
                  },
                  Object {
                    "fontFamily": "Comfortaa_600SemiBold",
                  },
                ]
              }
              uppercase={false}
            >
              Family
            </Text>
            <Text
              note={true}
              style={
                Array [
                  Object {
                    "color": "#808080",
                    "fontFamily": "System",
                    "fontSize": 14,
                    "fontWeight": "200",
                    "marginRight": 20,
                  },
                  Object {
                    "fontFamily": "Comfortaa_600SemiBold",
                  },
                ]
              }
              uppercase={false}
            >
              Cucurbitaceae
            </Text>
          </View>
          <View
            style={
              Object {
                "alignItems": "flex-start",
                "alignSelf": "stretch",
                "flex": 1,
              }
            }
          >
            <Text
              style={
                Array [
                  Object {
                    "color": "#000",
                    "fontFamily": "System",
                    "fontSize": 16,
                  },
                  Object {
                    "fontFamily": "Comfortaa_600SemiBold",
                  },
                ]
              }
              uppercase={false}
            >
              Water
            </Text>
            <Text
              note={true}
              style={
                Array [
                  Object {
                    "color": "#808080",
                    "fontFamily": "System",
                    "fontSize": 14,
                    "fontWeight": "200",
                    "marginRight": 20,
                  },
                  Object {
                    "fontFamily": "Comfortaa_600SemiBold",
                  },
                ]
              }
              uppercase={false}
            >
              each 
              3
               days
            </Text>
          </View>
          <View
            style={
              Object {
                "alignItems": "flex-start",
                "alignSelf": "stretch",
                "flex": 1,
              }
            }
          >
            <Text
              style={
                Array [
                  Object {
                    "color": "#000",
                    "fontFamily": "System",
                    "fontSize": 16,
                  },
                  Object {
                    "fontFamily": "Comfortaa_600SemiBold",
                  },
                ]
              }
              uppercase={false}
            >
              Temp
            </Text>
            <Text
              note={true}
              style={
                Array [
                  Object {
                    "color": "#808080",
                    "fontFamily": "System",
                    "fontSize": 14,
                    "fontWeight": "200",
                    "marginRight": 20,
                  },
                  Object {
                    "fontFamily": "Comfortaa_600SemiBold",
                  },
                ]
              }
              uppercase={false}
            >
              25
               
            </Text>
          </View>
        </View>
      </View>
    </TouchableOpacity>
  </View>
</View>
`;
